Archive member included to satisfy reference by file (symbol)

c:/ac6/systemworkbench/plugins/fr.ac6.mcu.externaltools.arm-none.win32_1.17.0.201812190825/tools/compiler/bin/../lib/gcc/arm-none-eabi/7.3.1/thumb/v6-m\libgcc.a(_udivsi3.o)
                              Core/Src/string_operation.o (__aeabi_uidiv)
c:/ac6/systemworkbench/plugins/fr.ac6.mcu.externaltools.arm-none.win32_1.17.0.201812190825/tools/compiler/bin/../lib/gcc/arm-none-eabi/7.3.1/thumb/v6-m\libgcc.a(_divsi3.o)
                              Core/Src/string_operation.o (__aeabi_idiv)
c:/ac6/systemworkbench/plugins/fr.ac6.mcu.externaltools.arm-none.win32_1.17.0.201812190825/tools/compiler/bin/../lib/gcc/arm-none-eabi/7.3.1/thumb/v6-m\libgcc.a(_dvmd_tls.o)
                              c:/ac6/systemworkbench/plugins/fr.ac6.mcu.externaltools.arm-none.win32_1.17.0.201812190825/tools/compiler/bin/../lib/gcc/arm-none-eabi/7.3.1/thumb/v6-m\libgcc.a(_udivsi3.o) (__aeabi_idiv0)
c:/ac6/systemworkbench/plugins/fr.ac6.mcu.externaltools.arm-none.win32_1.17.0.201812190825/tools/compiler/bin/../lib/gcc/arm-none-eabi/7.3.1/thumb/v6-m\libgcc.a(_arm_cmpsf2.o)
                              Core/Src/string_operation.o (__aeabi_fcmpeq)
c:/ac6/systemworkbench/plugins/fr.ac6.mcu.externaltools.arm-none.win32_1.17.0.201812190825/tools/compiler/bin/../lib/gcc/arm-none-eabi/7.3.1/thumb/v6-m\libgcc.a(_fixunssfsi.o)
                              Core/Src/string_operation.o (__aeabi_f2uiz)
c:/ac6/systemworkbench/plugins/fr.ac6.mcu.externaltools.arm-none.win32_1.17.0.201812190825/tools/compiler/bin/../lib/gcc/arm-none-eabi/7.3.1/thumb/v6-m\libgcc.a(addsf3.o)
                              Core/Src/string_operation.o (__aeabi_fadd)
c:/ac6/systemworkbench/plugins/fr.ac6.mcu.externaltools.arm-none.win32_1.17.0.201812190825/tools/compiler/bin/../lib/gcc/arm-none-eabi/7.3.1/thumb/v6-m\libgcc.a(divsf3.o)
                              Core/Src/string_operation.o (__aeabi_fdiv)
c:/ac6/systemworkbench/plugins/fr.ac6.mcu.externaltools.arm-none.win32_1.17.0.201812190825/tools/compiler/bin/../lib/gcc/arm-none-eabi/7.3.1/thumb/v6-m\libgcc.a(eqsf2.o)
                              c:/ac6/systemworkbench/plugins/fr.ac6.mcu.externaltools.arm-none.win32_1.17.0.201812190825/tools/compiler/bin/../lib/gcc/arm-none-eabi/7.3.1/thumb/v6-m\libgcc.a(_arm_cmpsf2.o) (__eqsf2)
c:/ac6/systemworkbench/plugins/fr.ac6.mcu.externaltools.arm-none.win32_1.17.0.201812190825/tools/compiler/bin/../lib/gcc/arm-none-eabi/7.3.1/thumb/v6-m\libgcc.a(gesf2.o)
                              c:/ac6/systemworkbench/plugins/fr.ac6.mcu.externaltools.arm-none.win32_1.17.0.201812190825/tools/compiler/bin/../lib/gcc/arm-none-eabi/7.3.1/thumb/v6-m\libgcc.a(_arm_cmpsf2.o) (__gesf2)
c:/ac6/systemworkbench/plugins/fr.ac6.mcu.externaltools.arm-none.win32_1.17.0.201812190825/tools/compiler/bin/../lib/gcc/arm-none-eabi/7.3.1/thumb/v6-m\libgcc.a(lesf2.o)
                              c:/ac6/systemworkbench/plugins/fr.ac6.mcu.externaltools.arm-none.win32_1.17.0.201812190825/tools/compiler/bin/../lib/gcc/arm-none-eabi/7.3.1/thumb/v6-m\libgcc.a(_arm_cmpsf2.o) (__lesf2)
c:/ac6/systemworkbench/plugins/fr.ac6.mcu.externaltools.arm-none.win32_1.17.0.201812190825/tools/compiler/bin/../lib/gcc/arm-none-eabi/7.3.1/thumb/v6-m\libgcc.a(mulsf3.o)
                              Core/Src/string_operation.o (__aeabi_fmul)
c:/ac6/systemworkbench/plugins/fr.ac6.mcu.externaltools.arm-none.win32_1.17.0.201812190825/tools/compiler/bin/../lib/gcc/arm-none-eabi/7.3.1/thumb/v6-m\libgcc.a(subsf3.o)
                              c:/ac6/systemworkbench/plugins/fr.ac6.mcu.externaltools.arm-none.win32_1.17.0.201812190825/tools/compiler/bin/../lib/gcc/arm-none-eabi/7.3.1/thumb/v6-m\libgcc.a(_fixunssfsi.o) (__aeabi_fsub)
c:/ac6/systemworkbench/plugins/fr.ac6.mcu.externaltools.arm-none.win32_1.17.0.201812190825/tools/compiler/bin/../lib/gcc/arm-none-eabi/7.3.1/thumb/v6-m\libgcc.a(fixsfsi.o)
                              c:/ac6/systemworkbench/plugins/fr.ac6.mcu.externaltools.arm-none.win32_1.17.0.201812190825/tools/compiler/bin/../lib/gcc/arm-none-eabi/7.3.1/thumb/v6-m\libgcc.a(_fixunssfsi.o) (__aeabi_f2iz)
c:/ac6/systemworkbench/plugins/fr.ac6.mcu.externaltools.arm-none.win32_1.17.0.201812190825/tools/compiler/bin/../lib/gcc/arm-none-eabi/7.3.1/thumb/v6-m\libgcc.a(floatsisf.o)
                              Core/Src/string_operation.o (__aeabi_i2f)
c:/ac6/systemworkbench/plugins/fr.ac6.mcu.externaltools.arm-none.win32_1.17.0.201812190825/tools/compiler/bin/../lib/gcc/arm-none-eabi/7.3.1/thumb/v6-m\libgcc.a(_clzsi2.o)
                              c:/ac6/systemworkbench/plugins/fr.ac6.mcu.externaltools.arm-none.win32_1.17.0.201812190825/tools/compiler/bin/../lib/gcc/arm-none-eabi/7.3.1/thumb/v6-m\libgcc.a(addsf3.o) (__clzsi2)
c:/ac6/systemworkbench/plugins/fr.ac6.mcu.externaltools.arm-none.win32_1.17.0.201812190825/tools/compiler/bin/../lib/gcc/arm-none-eabi/7.3.1/../../../../arm-none-eabi/lib/thumb/v6-m\libc_nano.a(lib_a-errno.o)
[...]
Memory Configuration

Name             Origin             Length             Attributes
RAM              0x20000000         0x00002000         xrw
FLASH            0x08000000         0x00010000         xr
*default*        0x00000000         0xffffffff

Linker script and memory map

LOAD c:/ac6/systemworkbench/plugins/fr.ac6.mcu.externaltools.arm-none.win32_1.17.0.201812190825/tools/compiler/bin/../lib/gcc/arm-none-eabi/7.3.1/thumb/v6-m/crti.o
LOAD c:/ac6/systemworkbench/plugins/fr.ac6.mcu.externaltools.arm-none.win32_1.17.0.201812190825/tools/compiler/bin/../lib/gcc/arm-none-eabi/7.3.1/thumb/v6-m/crtbegin.o
LOAD c:/ac6/systemworkbench/plugins/fr.ac6.mcu.externaltools.arm-none.win32_1.17.0.201812190825/tools/compiler/bin/../lib/gcc/arm-none-eabi/7.3.1/../../../../arm-none-eabi/lib/thumb/v6-m/crt0.o
LOAD Core/Src/Frame.o
LOAD Core/Src/gsm_m66.o
LOAD Core/Src/main.o
LOAD Core/Src/peripheral_task.o
LOAD Core/Src/stm32f0xx_hal_msp.o
LOAD Core/Src/stm32f0xx_it.o
LOAD Core/Src/string_operation.o
LOAD Core/Src/syscalls.o
LOAD Core/Src/system_stm32f0xx.o
LOAD Core/Src/systick_timer.o
LOAD Drivers/STM32F0xx_HAL_Driver/Src/stm32f0xx_hal.o
LOAD Drivers/STM32F0xx_HAL_Driver/Src/stm32f0xx_hal_cortex.o
LOAD Drivers/STM32F0xx_HAL_Driver/Src/stm32f0xx_hal_dma.o
LOAD Drivers/STM32F0xx_HAL_Driver/Src/stm32f0xx_hal_exti.o
LOAD Drivers/STM32F0xx_HAL_Driver/Src/stm32f0xx_hal_flash.o
LOAD Drivers/STM32F0xx_HAL_Driver/Src/stm32f0xx_hal_flash_ex.o
LOAD Drivers/STM32F0xx_HAL_Driver/Src/stm32f0xx_hal_gpio.o
LOAD Drivers/STM32F0xx_HAL_Driver/Src/stm32f0xx_hal_i2c.o
LOAD Drivers/STM32F0xx_HAL_Driver/Src/stm32f0xx_hal_i2c_ex.o
LOAD Drivers/STM32F0xx_HAL_Driver/Src/stm32f0xx_hal_pwr.o
LOAD Drivers/STM32F0xx_HAL_Driver/Src/stm32f0xx_hal_pwr_ex.o
LOAD Drivers/STM32F0xx_HAL_Driver/Src/stm32f0xx_hal_rcc.o
LOAD Drivers/STM32F0xx_HAL_Driver/Src/stm32f0xx_hal_rcc_ex.o
LOAD Drivers/STM32F0xx_HAL_Driver/Src/stm32f0xx_hal_tim.o
LOAD Drivers/STM32F0xx_HAL_Driver/Src/stm32f0xx_hal_tim_ex.o
LOAD Drivers/STM32F0xx_HAL_Driver/Src/stm32f0xx_hal_uart.o
LOAD Drivers/STM32F0xx_HAL_Driver/Src/stm32f0xx_hal_uart_ex.o
LOAD startup/startup_stm32f030x8.o
LOAD c:/ac6/systemworkbench/plugins/fr.ac6.mcu.externaltools.arm-none.win32_1.17.0.201812190825/tools/compiler/bin/../lib/gcc/arm-none-eabi/7.3.1/../../../../arm-none-eabi/lib/thumb/v6-m\libm.a
START GROUP
LOAD c:/ac6/systemworkbench/plugins/fr.ac6.mcu.externaltools.arm-none.win32_1.17.0.201812190825/tools/compiler/bin/../lib/gcc/arm-none-eabi/7.3.1/thumb/v6-m\libgcc.a
LOAD c:/ac6/systemworkbench/plugins/fr.ac6.mcu.externaltools.arm-none.win32_1.17.0.201812190825/tools/compiler/bin/../lib/gcc/arm-none-eabi/7.3.1/../../../../arm-none-eabi/lib/thumb/v6-m\libc_nano.a
END GROUP
START GROUP
LOAD c:/ac6/systemworkbench/plugins/fr.ac6.mcu.externaltools.arm-none.win32_1.17.0.201812190825/tools/compiler/bin/../lib/gcc/arm-none-eabi/7.3.1/thumb/v6-m\libgcc.a
LOAD c:/ac6/systemworkbench/plugins/fr.ac6.mcu.externaltools.arm-none.win32_1.17.0.201812190825/tools/compiler/bin/../lib/gcc/arm-none-eabi/7.3.1/../../../../arm-none-eabi/lib/thumb/v6-m\libc_nano.a
LOAD c:/ac6/systemworkbench/plugins/fr.ac6.mcu.externaltools.arm-none.win32_1.17.0.201812190825/tools/compiler/bin/../lib/gcc/arm-none-eabi/7.3.1/../../../../arm-none-eabi/lib/thumb/v6-m\libnosys.a
END GROUP
START GROUP
LOAD c:/ac6/systemworkbench/plugins/fr.ac6.mcu.externaltools.arm-none.win32_1.17.0.201812190825/tools/compiler/bin/../lib/gcc/arm-none-eabi/7.3.1/thumb/v6-m\libgcc.a
LOAD c:/ac6/systemworkbench/plugins/fr.ac6.mcu.externaltools.arm-none.win32_1.17.0.201812190825/tools/compiler/bin/../lib/gcc/arm-none-eabi/7.3.1/../../../../arm-none-eabi/lib/thumb/v6-m\libc_nano.a
LOAD c:/ac6/systemworkbench/plugins/fr.ac6.mcu.externaltools.arm-none.win32_1.17.0.201812190825/tools/compiler/bin/../lib/gcc/arm-none-eabi/7.3.1/../../../../arm-none-eabi/lib/thumb/v6-m\libnosys.a
END GROUP
LOAD c:/ac6/systemworkbench/plugins/fr.ac6.mcu.externaltools.arm-none.win32_1.17.0.201812190825/tools/compiler/bin/../lib/gcc/arm-none-eabi/7.3.1/thumb/v6-m/crtend.o
LOAD c:/ac6/systemworkbench/plugins/fr.ac6.mcu.externaltools.arm-none.win32_1.17.0.201812190825/tools/compiler/bin/../lib/gcc/arm-none-eabi/7.3.1/thumb/v6-m/crtn.o
                0x20002000                _estack = 0x20002000
                0x00000200                _Min_Heap_Size = 0x200
                0x00000400                _Min_Stack_Size = 0x400

.isr_vector     0x08000000       0xc0
                0x08000000                . = ALIGN (0x4)
 *(.isr_vector)
 .isr_vector    0x08000000       0xc0 startup/startup_stm32f030x8.o
                0x08000000                g_pfnVectors
                0x080000c0                . = ALIGN (0x4)

.text           0x080000c0     0x3388
                0x080000c0                . = ALIGN (0x4)
 *(.text)
 .text          0x080000c0       0x48 c:/ac6/systemworkbench/plugins/fr.ac6.mcu.externaltools.arm-none.win32_1.17.0.201812190825/tools/compiler/bin/../lib/gcc/arm-none-eabi/7.3.1/thumb/v6-m/crtbegin.o
 .text          0x08000108      0x114 c:/ac6/systemworkbench/plugins/fr.ac6.mcu.externaltools.arm-none.win32_1.17.0.201812190825/tools/compiler/bin/../lib/gcc/arm-none-eabi/7.3.1/thumb/v6-m\libgcc.a(_udivsi3.o)
                0x08000108                __aeabi_uidiv
                0x08000108                __udivsi3
                0x08000214                __aeabi_uidivmod
 .text          0x0800021c      0x1d4 c:/ac6/systemworkbench/plugins/fr.ac6.mcu.externaltools.arm-none.win32_1.17.0.201812190825/tools/compiler/bin/../lib/gcc/arm-none-eabi/7.3.1/thumb/v6-m\libgcc.a(_divsi3.o)
                0x0800021c                __divsi3
                0x0800021c                __aeabi_idiv
                0x080003e8                __aeabi_idivmod
 .text          0x080003f0        0x4 c:/ac6/systemworkbench/plugins/fr.ac6.mcu.externaltools.arm-none.win32_1.17.0.201812190825/tools/compiler/bin/../lib/gcc/arm-none-eabi/7.3.1/thumb/v6-m\libgcc.a(_dvmd_tls.o)
                0x080003f0                __aeabi_idiv0
                0x080003f0                __aeabi_ldiv0
 .text          0x080003f4       0x74 c:/ac6/systemworkbench/plugins/fr.ac6.mcu.externaltools.arm-none.win32_1.17.0.201812190825/tools/compiler/bin/../lib/gcc/arm-none-eabi/7.3.1/thumb/v6-m\libgcc.a(_arm_cmpsf2.o)
                0x080003f4                __aeabi_cfrcmple
                0x080003fc                __aeabi_cfcmpeq
                0x080003fc                __aeabi_cfcmple
                0x0800040c                __aeabi_fcmpeq
                0x08000418                __aeabi_fcmplt
                0x0800042c                __aeabi_fcmple
                0x08000440                __aeabi_fcmpgt
                0x08000454                __aeabi_fcmpge
 .text          0x08000468       0x30 c:/ac6/systemworkbench/plugins/fr.ac6.mcu.externaltools.arm-none.win32_1.17.0.201812190825/tools/compiler/bin/../lib/gcc/arm-none-eabi/7.3.1/thumb/v6-m\libgcc.a(_fixunssfsi.o)
                0x08000468                __fixunssfsi
                0x08000468                __aeabi_f2uiz
 .text          0x08000498       0x50 c:/ac6/systemworkbench/plugins/fr.ac6.mcu.externaltools.arm-none.win32_1.17.0.201812190825/tools/compiler/bin/../lib/gcc/arm-none-eabi/7.3.1/thumb/v6-m\libgcc.a(eqsf2.o)
                0x08000498                __eqsf2
                0x08000498                __nesf2
 .text          0x080004e8       0x9c c:/ac6/systemworkbench/plugins/fr.ac6.mcu.externaltools.arm-none.win32_1.17.0.201812190825/tools/compiler/bin/../lib/gcc/arm-none-eabi/7.3.1/thumb/v6-m\libgcc.a(gesf2.o)
                0x080004e8                __gesf2
                0x080004e8                __gtsf2
 .text          0x08000584       0xa0 c:/ac6/systemworkbench/plugins/fr.ac6.mcu.externaltools.arm-none.win32_1.17.0.201812190825/tools/compiler/bin/../lib/gcc/arm-none-eabi/7.3.1/thumb/v6-m\libgcc.a(lesf2.o)
                0x08000584                __ltsf2
                0x08000584                __lesf2
 .text          0x08000624      0x264 c:/ac6/systemworkbench/plugins/fr.ac6.mcu.externaltools.arm-none.win32_1.17.0.201812190825/tools/compiler/bin/../lib/gcc/arm-none-eabi/7.3.1/thumb/v6-m\libgcc.a(mulsf3.o)
                0x08000624                __aeabi_fmul
 .text          0x08000888      0x388 c:/ac6/systemworkbench/plugins/fr.ac6.mcu.externaltools.arm-none.win32_1.17.0.201812190825/tools/compiler/bin/../lib/gcc/arm-none-eabi/7.3.1/thumb/v6-m\libgcc.a(subsf3.o)
                0x08000888                __aeabi_fsub
 .text          0x08000c10       0x40 c:/ac6/systemworkbench/plugins/fr.ac6.mcu.externaltools.arm-none.win32_1.17.0.201812190825/tools/compiler/bin/../lib/gcc/arm-none-eabi/7.3.1/thumb/v6-m\libgcc.a(fixsfsi.o)
                0x08000c10                __aeabi_f2iz
 .text          0x08000c50       0x3c c:/ac6/systemworkbench/plugins/fr.ac6.mcu.externaltools.arm-none.win32_1.17.0.201812190825/tools/compiler/bin/../lib/gcc/arm-none-eabi/7.3.1/thumb/v6-m\libgcc.a(_clzsi2.o)
                0x08000c50                __clzsi2
 *(.text*)
 .text.send_At_Command_Test
                0x08000c8c       0xa0 Core/Src/gsm_m66.o
                0x08000c8c                send_At_Command_Test
 .text.VerifyRespAndPrepForNxtStep
                0x08000d2c       0x1c Core/Src/gsm_m66.o
                0x08000d2c                VerifyRespAndPrepForNxtStep
 .text.SendCommandAndWaitForResponse
                0x08000d48        0x8 Core/Src/gsm_m66.o
                0x08000d48                SendCommandAndWaitForResponse
 .text.jump_char_fixed
                0x08000d50        0xe Core/Src/gsm_m66.o
                0x08000d50                jump_char_fixed
 *fill*         0x08000d5e        0x2 
 .text.serverdatasave
                0x08000d60       0x8c Core/Src/gsm_m66.o
                0x08000d60                serverdatasave
 .text.gsm_ccid
                0x08000dec       0x38 Core/Src/gsm_m66.o
                0x08000dec                gsm_ccid
 .text.gsm_imsi
                0x08000e24       0x38 Core/Src/gsm_m66.o
                0x08000e24                gsm_imsi
 .text.gsm_imei
                0x08000e5c       0x38 Core/Src/gsm_m66.o
                0x08000e5c                gsm_imei
 .text.gsm_sim_Status
                0x08000e94       0x40 Core/Src/gsm_m66.o
                0x08000e94                gsm_sim_Status
 .text.network_registration_status
                0x08000ed4       0x28 Core/Src/gsm_m66.o
                0x08000ed4                network_registration_status
 .text.cops     0x08000efc       0x38 Core/Src/gsm_m66.o
                0x08000efc                cops
 .text.gsm_task
                0x08000f34      0x660 Core/Src/gsm_m66.o
                0x08000f34                gsm_task
 .text.HAL_UART_RxCpltCallback
                0x08001594       0x54 Core/Src/gsm_m66.o
                0x08001594                HAL_UART_RxCpltCallback
 .text.SystemClock_Config
                0x080015e8       0x5e Core/Src/main.o
                0x080015e8                SystemClock_Config
 .text.main     0x08001646       0x14 Core/Src/main.o
                0x08001646                main
 *fill*         0x0800165a        0x2 
 .text.MX_USART1_UART_Init
                0x0800165c       0x34 Core/Src/main.o
                0x0800165c                MX_USART1_UART_Init
 .text.MX_GPIO_Init
                0x08001690       0x7c Core/Src/main.o
                0x08001690                MX_GPIO_Init
 .text.peripheral_init
                0x0800170c       0x18 Core/Src/peripheral_task.o
                0x0800170c                peripheral_init
 .text.gsm_init
                0x08001724       0x3c Core/Src/peripheral_task.o
                0x08001724                gsm_init
 .text.HAL_MspInit
                0x08001760       0x30 Core/Src/stm32f0xx_hal_msp.o
                0x08001760                HAL_MspInit
 .text.HAL_UART_MspInit
                0x08001790       0x78 Core/Src/stm32f0xx_hal_msp.o
                0x08001790                HAL_UART_MspInit
 .text.NMI_Handler
                0x08001808        0x2 Core/Src/stm32f0xx_it.o
                0x08001808                NMI_Handler
 .text.HardFault_Handler
                0x0800180a        0x2 Core/Src/stm32f0xx_it.o
                0x0800180a                HardFault_Handler
 .text.SVC_Handler
                0x0800180c        0x2 Core/Src/stm32f0xx_it.o
                0x0800180c                SVC_Handler
 .text.PendSV_Handler
                0x0800180e        0x2 Core/Src/stm32f0xx_it.o
                0x0800180e                PendSV_Handler
 .text.SysTick_Handler
                0x08001810        0xc Core/Src/stm32f0xx_it.o
                0x08001810                SysTick_Handler
 .text.USART1_IRQHandler
                0x0800181c       0x10 Core/Src/stm32f0xx_it.o
                0x0800181c                USART1_IRQHandler
 .text.compareArray
                0x0800182c       0x3a Core/Src/string_operation.o
                0x0800182c                compareArray
 *fill*         0x08001866        0x2 
 .text.convert_char_to_int_and_store
                0x08001868       0x98 Core/Src/string_operation.o
                0x08001868                convert_char_to_int_and_store
 .text.calculate_number_of_char_in_int
                0x08001900       0x7c Core/Src/string_operation.o
                0x08001900                calculate_number_of_char_in_int
 .text.convert_int_to_char_and_store
                0x0800197c       0xa0 Core/Src/string_operation.o
                0x0800197c                convert_int_to_char_and_store
 .text.convert_Negative_int_to_char_and_store
                0x08001a1c       0xb0 Core/Src/string_operation.o
                0x08001a1c                convert_Negative_int_to_char_and_store
 .text.float_to_char
                0x08001acc      0x194 Core/Src/string_operation.o
                0x08001acc                float_to_char
 .text._sbrk    0x08001c60       0x3c Core/Src/syscalls.o
                0x08001c60                _sbrk
 .text.SystemInit
                0x08001c9c        0x2 Core/Src/system_stm32f0xx.o
                0x08001c9c                SystemInit
 *fill*         0x08001c9e        0x2 
 .text.searchTimerId
                0x08001ca0       0x20 Core/Src/systick_timer.o
                0x08001ca0                searchTimerId
 .text.addTimer
                0x08001cc0       0x48 Core/Src/systick_timer.o
                0x08001cc0                addTimer
 .text.startTimer
                0x08001d08       0x4c Core/Src/systick_timer.o
                0x08001d08                startTimer
 .text.stopTimer
                0x08001d54       0x28 Core/Src/systick_timer.o
                0x08001d54                stopTimer
 .text.isTimerComplete
                0x08001d7c       0x34 Core/Src/systick_timer.o
                0x08001d7c                isTimerComplete
 .text.delayMiliSec
                0x08001db0       0x20 Core/Src/systick_timer.o
                0x08001db0                delayMiliSec
 .text.HAL_SYSTICK_Callback
                0x08001dd0       0x3c Core/Src/systick_timer.o
                0x08001dd0                HAL_SYSTICK_Callback
 .text.HAL_InitTick
                0x08001e0c       0x4c Drivers/STM32F0xx_HAL_Driver/Src/stm32f0xx_hal.o
                0x08001e0c                HAL_InitTick
 .text.HAL_Init
                0x08001e58       0x20 Drivers/STM32F0xx_HAL_Driver/Src/stm32f0xx_hal.o
                0x08001e58                HAL_Init
 .text.HAL_IncTick
                0x08001e78       0x18 Drivers/STM32F0xx_HAL_Driver/Src/stm32f0xx_hal.o
                0x08001e78                HAL_IncTick
 .text.HAL_GetTick
                0x08001e90        0xc Drivers/STM32F0xx_HAL_Driver/Src/stm32f0xx_hal.o
                0x08001e90                HAL_GetTick
 .text.HAL_NVIC_SetPriority
                0x08001e9c       0x64 Drivers/STM32F0xx_HAL_Driver/Src/stm32f0xx_hal_cortex.o
                0x08001e9c                HAL_NVIC_SetPriority
 .text.HAL_NVIC_EnableIRQ
                0x08001f00       0x18 Drivers/STM32F0xx_HAL_Driver/Src/stm32f0xx_hal_cortex.o
                0x08001f00                HAL_NVIC_EnableIRQ
 .text.HAL_SYSTICK_Config
                0x08001f18       0x38 Drivers/STM32F0xx_HAL_Driver/Src/stm32f0xx_hal_cortex.o
                0x08001f18                HAL_SYSTICK_Config
 .text.HAL_SYSTICK_IRQHandler
                0x08001f50        0x8 Drivers/STM32F0xx_HAL_Driver/Src/stm32f0xx_hal_cortex.o
                0x08001f50                HAL_SYSTICK_IRQHandler
 .text.HAL_DMA_Abort
                0x08001f58       0x44 Drivers/STM32F0xx_HAL_Driver/Src/stm32f0xx_hal_dma.o
                0x08001f58                HAL_DMA_Abort
 .text.HAL_DMA_Abort_IT
                0x08001f9c       0x4a Drivers/STM32F0xx_HAL_Driver/Src/stm32f0xx_hal_dma.o
                0x08001f9c                HAL_DMA_Abort_IT
 *fill*         0x08001fe6        0x2 
 .text.HAL_GPIO_Init
                0x08001fe8      0x18c Drivers/STM32F0xx_HAL_Driver/Src/stm32f0xx_hal_gpio.o
                0x08001fe8                HAL_GPIO_Init
 .text.HAL_GPIO_WritePin
                0x08002174        0xc Drivers/STM32F0xx_HAL_Driver/Src/stm32f0xx_hal_gpio.o
                0x08002174                HAL_GPIO_WritePin
 .text.HAL_RCC_OscConfig
                0x08002180      0x498 Drivers/STM32F0xx_HAL_Driver/Src/stm32f0xx_hal_rcc.o
                0x08002180                HAL_RCC_OscConfig
 .text.HAL_RCC_GetSysClockFreq
                0x08002618       0x70 Drivers/STM32F0xx_HAL_Driver/Src/stm32f0xx_hal_rcc.o
                0x08002618                HAL_RCC_GetSysClockFreq
 .text.HAL_RCC_ClockConfig
                0x08002688      0x130 Drivers/STM32F0xx_HAL_Driver/Src/stm32f0xx_hal_rcc.o
                0x08002688                HAL_RCC_ClockConfig
 .text.HAL_RCC_GetHCLKFreq
                0x080027b8        0xc Drivers/STM32F0xx_HAL_Driver/Src/stm32f0xx_hal_rcc.o
                0x080027b8                HAL_RCC_GetHCLKFreq
 .text.HAL_RCC_GetPCLK1Freq
                0x080027c4       0x20 Drivers/STM32F0xx_HAL_Driver/Src/stm32f0xx_hal_rcc.o
                0x080027c4                HAL_RCC_GetPCLK1Freq
 .text.HAL_RCCEx_PeriphCLKConfig
                0x080027e4      0x118 Drivers/STM32F0xx_HAL_Driver/Src/stm32f0xx_hal_rcc_ex.o
                0x080027e4                HAL_RCCEx_PeriphCLKConfig
 .text.UART_EndRxTransfer
                0x080028fc       0x38 Drivers/STM32F0xx_HAL_Driver/Src/stm32f0xx_hal_uart.o
 .text.HAL_UART_TxCpltCallback
                0x08002934        0x2 Drivers/STM32F0xx_HAL_Driver/Src/stm32f0xx_hal_uart.o
                0x08002934                HAL_UART_TxCpltCallback
 .text.UART_EndTransmit_IT
                0x08002936       0x1a Drivers/STM32F0xx_HAL_Driver/Src/stm32f0xx_hal_uart.o
 .text.HAL_UART_ErrorCallback
                0x08002950        0x2 Drivers/STM32F0xx_HAL_Driver/Src/stm32f0xx_hal_uart.o
                0x08002950                HAL_UART_ErrorCallback
 .text.UART_DMAAbortOnError
                0x08002952       0x14 Drivers/STM32F0xx_HAL_Driver/Src/stm32f0xx_hal_uart.o
 .text.HAL_UARTEx_RxEventCallback
                0x08002966        0x2 Drivers/STM32F0xx_HAL_Driver/Src/stm32f0xx_hal_uart.o
                0x08002966                HAL_UARTEx_RxEventCallback
 .text.HAL_UART_IRQHandler
                0x08002968      0x238 Drivers/STM32F0xx_HAL_Driver/Src/stm32f0xx_hal_uart.o
                0x08002968                HAL_UART_IRQHandler
 .text.UART_RxISR_8BIT
                0x08002ba0       0x84 Drivers/STM32F0xx_HAL_Driver/Src/stm32f0xx_hal_uart.o
 .text.UART_RxISR_16BIT
                0x08002c24       0x84 Drivers/STM32F0xx_HAL_Driver/Src/stm32f0xx_hal_uart.o
 .text.UART_SetConfig
                0x08002ca8      0x174 Drivers/STM32F0xx_HAL_Driver/Src/stm32f0xx_hal_uart.o
                0x08002ca8                UART_SetConfig
 .text.UART_AdvFeatureConfig
                0x08002e1c       0xe0 Drivers/STM32F0xx_HAL_Driver/Src/stm32f0xx_hal_uart.o
                0x08002e1c                UART_AdvFeatureConfig
 .text.UART_WaitOnFlagUntilTimeout
                0x08002efc       0xa4 Drivers/STM32F0xx_HAL_Driver/Src/stm32f0xx_hal_uart.o
                0x08002efc                UART_WaitOnFlagUntilTimeout
 .text.HAL_UART_Transmit
                0x08002fa0       0xee Drivers/STM32F0xx_HAL_Driver/Src/stm32f0xx_hal_uart.o
                0x08002fa0                HAL_UART_Transmit
 *fill*         0x0800308e        0x2 
 .text.UART_CheckIdleState
                0x08003090       0x70 Drivers/STM32F0xx_HAL_Driver/Src/stm32f0xx_hal_uart.o
                0x08003090                UART_CheckIdleState
 .text.HAL_UART_Init
                0x08003100       0x6c Drivers/STM32F0xx_HAL_Driver/Src/stm32f0xx_hal_uart.o
                0x08003100                HAL_UART_Init
 .text.UART_Start_Receive_IT
                0x0800316c       0x9c Drivers/STM32F0xx_HAL_Driver/Src/stm32f0xx_hal_uart.o
                0x0800316c                UART_Start_Receive_IT
 .text.HAL_UART_Receive_IT
                0x08003208       0x62 Drivers/STM32F0xx_HAL_Driver/Src/stm32f0xx_hal_uart.o
                0x08003208                HAL_UART_Receive_IT
 *fill*         0x0800326a        0x2 
 .text.Reset_Handler
                0x0800326c       0x50 startup/startup_stm32f030x8.o
                0x0800326c                Reset_Handler
 .text.Default_Handler
                0x080032bc        0x2 startup/startup_stm32f030x8.o
                0x080032bc                TIM1_CC_IRQHandler
                0x080032bc                TIM6_IRQHandler
                0x080032bc                I2C1_IRQHandler
                0x080032bc                SPI1_IRQHandler
                0x080032bc                EXTI2_3_IRQHandler
                0x080032bc                ADC1_IRQHandler
                0x080032bc                I2C2_IRQHandler
                0x080032bc                TIM17_IRQHandler
                0x080032bc                RTC_IRQHandler
                0x080032bc                TIM16_IRQHandler
                0x080032bc                TIM3_IRQHandler
                0x080032bc                EXTI4_15_IRQHandler
                0x080032bc                RCC_IRQHandler
                0x080032bc                DMA1_Channel1_IRQHandler
                0x080032bc                Default_Handler
                0x080032bc                TIM14_IRQHandler
                0x080032bc                DMA1_Channel4_5_IRQHandler
                0x080032bc                TIM15_IRQHandler
                0x080032bc                EXTI0_1_IRQHandler
                0x080032bc                SPI2_IRQHandler
                0x080032bc                WWDG_IRQHandler
                0x080032bc                DMA1_Channel2_3_IRQHandler
                0x080032bc                USART2_IRQHandler
                0x080032bc                FLASH_IRQHandler
                0x080032bc                TIM1_BRK_UP_TRG_COM_IRQHandler
 *fill*         0x080032be        0x2 
 .text.__errno  0x080032c0        0xc c:/ac6/systemworkbench/plugins/fr.ac6.mcu.externaltools.arm-none.win32_1.17.0.201812190825/tools/compiler/bin/../lib/gcc/arm-none-eabi/7.3.1/../../../../arm-none-eabi/lib/thumb/v6-m\libc_nano.a(lib_a-errno.o)
                0x080032c0                __errno
 .text.__libc_init_array
                0x080032cc       0x48 c:/ac6/systemworkbench/plugins/fr.ac6.mcu.externaltools.arm-none.win32_1.17.0.201812190825/tools/compiler/bin/../lib/gcc/arm-none-eabi/7.3.1/../../../../arm-none-eabi/lib/thumb/v6-m\libc_nano.a(lib_a-init.o)
                0x080032cc                __libc_init_array
 .text.malloc   0x08003314       0x14 c:/ac6/systemworkbench/plugins/fr.ac6.mcu.externaltools.arm-none.win32_1.17.0.201812190825/tools/compiler/bin/../lib/gcc/arm-none-eabi/7.3.1/../../../../arm-none-eabi/lib/thumb/v6-m\libc_nano.a(lib_a-malloc.o)
                0x08003314                malloc
 .text.memcpy   0x08003328       0x12 c:/ac6/systemworkbench/plugins/fr.ac6.mcu.externaltools.arm-none.win32_1.17.0.201812190825/tools/compiler/bin/../lib/gcc/arm-none-eabi/7.3.1/../../../../arm-none-eabi/lib/thumb/v6-m\libc_nano.a(lib_a-memcpy-stub.o)
                0x08003328                memcpy
 .text.memset   0x0800333a       0x10 c:/ac6/systemworkbench/plugins/fr.ac6.mcu.externaltools.arm-none.win32_1.17.0.201812190825/tools/compiler/bin/../lib/gcc/arm-none-eabi/7.3.1/../../../../arm-none-eabi/lib/thumb/v6-m\libc_nano.a(lib_a-memset.o)
                0x0800333a                memset
 *fill*         0x0800334a        0x2 
 .text._malloc_r
                0x0800334c       0xbc c:/ac6/systemworkbench/plugins/fr.ac6.mcu.externaltools.arm-none.win32_1.17.0.201812190825/tools/compiler/bin/../lib/gcc/arm-none-eabi/7.3.1/../../../../arm-none-eabi/lib/thumb/v6-m\libc_nano.a(lib_a-nano-mallocr.o)
                0x0800334c                _malloc_r
 .text._sbrk_r  0x08003408       0x24 c:/ac6/systemworkbench/plugins/fr.ac6.mcu.externaltools.arm-none.win32_1.17.0.201812190825/tools/compiler/bin/../lib/gcc/arm-none-eabi/7.3.1/../../../../arm-none-eabi/lib/thumb/v6-m\libc_nano.a(lib_a-sbrkr.o)
                0x08003408                _sbrk_r
 .text.__malloc_lock
                0x0800342c        0x2 c:/ac6/systemworkbench/plugins/fr.ac6.mcu.externaltools.arm-none.win32_1.17.0.201812190825/tools/compiler/bin/../lib/gcc/arm-none-eabi/7.3.1/../../../../arm-none-eabi/lib/thumb/v6-m\libc_nano.a(lib_a-mlock.o)
                0x0800342c                __malloc_lock
 .text.__malloc_unlock
                0x0800342e        0x2 c:/ac6/systemworkbench/plugins/fr.ac6.mcu.externaltools.arm-none.win32_1.17.0.201812190825/tools/compiler/bin/../lib/gcc/arm-none-eabi/7.3.1/../../../../arm-none-eabi/lib/thumb/v6-m\libc_nano.a(lib_a-mlock.o)
                0x0800342e                __malloc_unlock
 *(.glue_7)
 .glue_7        0x08003430        0x0 linker stubs
 *(.glue_7t)
 .glue_7t       0x08003430        0x0 linker stubs
 *(.eh_frame)
 .eh_frame      0x08003430        0x0 c:/ac6/systemworkbench/plugins/fr.ac6.mcu.externaltools.arm-none.win32_1.17.0.201812190825/tools/compiler/bin/../lib/gcc/arm-none-eabi/7.3.1/thumb/v6-m/crtbegin.o
 *(.init)
 .init          0x08003430        0x4 c:/ac6/systemworkbench/plugins/fr.ac6.mcu.externaltools.arm-none.win32_1.17.0.201812190825/tools/compiler/bin/../lib/gcc/arm-none-eabi/7.3.1/thumb/v6-m/crti.o
                0x08003430                _init
 .init          0x08003434        0x8 c:/ac6/systemworkbench/plugins/fr.ac6.mcu.externaltools.arm-none.win32_1.17.0.201812190825/tools/compiler/bin/../lib/gcc/arm-none-eabi/7.3.1/thumb/v6-m/crtn.o
 *(.fini)
 .fini          0x0800343c        0x4 c:/ac6/systemworkbench/plugins/fr.ac6.mcu.externaltools.arm-none.win32_1.17.0.201812190825/tools/compiler/bin/../lib/gcc/arm-none-eabi/7.3.1/thumb/v6-m/crti.o
                0x0800343c                _fini
 .fini          0x08003440        0x8 c:/ac6/systemworkbench/plugins/fr.ac6.mcu.externaltools.arm-none.win32_1.17.0.201812190825/tools/compiler/bin/../lib/gcc/arm-none-eabi/7.3.1/thumb/v6-m/crtn.o
                0x08003448                . = ALIGN (0x4)
                0x08003448                _etext = .

.vfp11_veneer   0x08003448        0x0
 .vfp11_veneer  0x08003448        0x0 linker stubs

.v4_bx          0x08003448        0x0
 .v4_bx         0x08003448        0x0 linker stubs

.iplt           0x08003448        0x0
 .iplt          0x08003448        0x0 c:/ac6/systemworkbench/plugins/fr.ac6.mcu.externaltools.arm-none.win32_1.17.0.201812190825/tools/compiler/bin/../lib/gcc/arm-none-eabi/7.3.1/thumb/v6-m/crtbegin.o

.rodata         0x08003448      0x350
                0x08003448                . = ALIGN (0x4)
 *(.rodata)
 .rodata        0x08003448       0x36 Core/Src/gsm_m66.o
 *fill*         0x0800347e        0x2 
 .rodata        0x08003480       0x6c Core/Src/string_operation.o
 .rodata        0x080034ec       0x18 Core/Src/system_stm32f0xx.o
                0x080034ec                AHBPrescTable
                0x080034fc                APBPrescTable
 .rodata        0x08003504       0x20 Drivers/STM32F0xx_HAL_Driver/Src/stm32f0xx_hal_rcc.o
 .rodata        0x08003524       0x40 c:/ac6/systemworkbench/plugins/fr.ac6.mcu.externaltools.arm-none.win32_1.17.0.201812190825/tools/compiler/bin/../lib/gcc/arm-none-eabi/7.3.1/thumb/v6-m\libgcc.a(mulsf3.o)
 *(.rodata*)
 .rodata.str1.4
                0x08003564      0x234 Core/Src/gsm_m66.o
                                0x231 (size before relaxing)
                0x08003798                . = ALIGN (0x4)

.rel.dyn        0x08003798        0x0
 .rel.iplt      0x08003798        0x0 c:/ac6/systemworkbench/plugins/fr.ac6.mcu.externaltools.arm-none.win32_1.17.0.201812190825/tools/compiler/bin/../lib/gcc/arm-none-eabi/7.3.1/thumb/v6-m/crtbegin.o

.ARM.extab
 *(.ARM.extab* .gnu.linkonce.armextab.*)

.ARM            0x08003798        0x0
                0x08003798                __exidx_start = .
 *(.ARM.exidx*)
                0x08003798                __exidx_end = .

.preinit_array  0x08003798        0x0
                0x08003798                PROVIDE (__preinit_array_start = .)
 *(.preinit_array*)
                0x08003798                PROVIDE (__preinit_array_end = .)

.init_array     0x08003798        0x4
                0x08003798                PROVIDE (__init_array_start = .)
 *(SORT_BY_NAME(.init_array.*))
 *(.init_array*)
 .init_array    0x08003798        0x4 c:/ac6/systemworkbench/plugins/fr.ac6.mcu.externaltools.arm-none.win32_1.17.0.201812190825/tools/compiler/bin/../lib/gcc/arm-none-eabi/7.3.1/thumb/v6-m/crtbegin.o
                0x0800379c                PROVIDE (__init_array_end = .)

.fini_array     0x0800379c        0x4
                [!provide]                PROVIDE (__fini_array_start = .)
 *(SORT_BY_NAME(.fini_array.*))
 *(.fini_array*)
 .fini_array    0x0800379c        0x4 c:/ac6/systemworkbench/plugins/fr.ac6.mcu.externaltools.arm-none.win32_1.17.0.201812190825/tools/compiler/bin/../lib/gcc/arm-none-eabi/7.3.1/thumb/v6-m/crtbegin.o
                [!provide]                PROVIDE (__fini_array_end = .)
                0x080037a0                _sidata = LOADADDR (.data)

.data           0x20000000      0xe5c load address 0x080037a0
                0x20000000                . = ALIGN (0x4)
                0x20000000                _sdata = .
 *(.data)
 .data          0x20000000      0xd14 Core/Src/gsm_m66.o
                0x20000000                CCID
                0x2000006c                IMSI
                0x200000d8                IMEI
                0x20000144                Sim_Detect
                0x200001b0                Netwrok_Registration_Get
                0x2000021c                Signal_Quality
                0x20000288                Netwrok_Registration_Set
                0x200002f4                GPRS_Registration_Set
                0x20000360                GPRS_Registration_Get
                0x200003cc                Packet_Domain_Attach_Write
                0x20000438                Packet_Domain_Read
                0x200004a4                Packet_Domain_detach_Write
                0x20000510                Define_PDP_Context_Write
                0x2000057c                Define_PDP_Context_Read
                0x200005e8                PDP_Context_Activate
                0x20000654                PDP_Context_Read
                0x200006c0                PDP_Context_Deactivate
                0x2000072c                TCPIP_Non_Transparent_Mode_Set
                0x20000798                TCPIP_Non_Transparent_Mode_GET
                0x20000804                CreateSocket
                0x20000870                Socket_closed_connection_Direct_Mode
                0x200008dc                Socket_Closed
                0x20000948                TCPIP_Direct_Mode_Set
                0x200009b4                Socket_connection_Direct_Mode
                0x20000a20                TcpIp_Send_data
                0x20000a8c                Reset_Module
                0x20000af8                Operator_Details
                0x20000b64                Syncro_CLock
                0x20000bd0                Short_Format_Result
                0x20000c3c                Long_Format_Result
                0x20000ca8                ECHO
 .data          0x20000d14       0xd8 Core/Src/peripheral_task.o
                0x20000d14                FOrmat1
                0x20000d80                ECHO1
 .data          0x20000dec        0x4 Core/Src/system_stm32f0xx.o
                0x20000dec                SystemCoreClock
 .data          0x20000df0        0x8 Drivers/STM32F0xx_HAL_Driver/Src/stm32f0xx_hal.o
                0x20000df0                uwTickFreq
                0x20000df4                uwTickPrio
 *(.data*)
 .data._impure_ptr
                0x20000df8        0x4 c:/ac6/systemworkbench/plugins/fr.ac6.mcu.externaltools.arm-none.win32_1.17.0.201812190825/tools/compiler/bin/../lib/gcc/arm-none-eabi/7.3.1/../../../../arm-none-eabi/lib/thumb/v6-m\libc_nano.a(lib_a-impure.o)
                0x20000df8                _impure_ptr
 .data.impure_data
                0x20000dfc       0x60 c:/ac6/systemworkbench/plugins/fr.ac6.mcu.externaltools.arm-none.win32_1.17.0.201812190825/tools/compiler/bin/../lib/gcc/arm-none-eabi/7.3.1/../../../../arm-none-eabi/lib/thumb/v6-m\libc_nano.a(lib_a-impure.o)
                0x20000e5c                . = ALIGN (0x4)
                0x20000e5c                _edata = .

.igot.plt       0x20000e5c        0x0 load address 0x080045fc
 .igot.plt      0x20000e5c        0x0 c:/ac6/systemworkbench/plugins/fr.ac6.mcu.externaltools.arm-none.win32_1.17.0.201812190825/tools/compiler/bin/../lib/gcc/arm-none-eabi/7.3.1/thumb/v6-m/crtbegin.o
                0x20000e5c                . = ALIGN (0x4)

.bss            0x20000e5c      0xad0 load address 0x080045fc
                0x20000e5c                _sbss = .
                0x20000e5c                __bss_start__ = _sbss
 *(.bss)
 .bss           0x20000e5c       0x1c c:/ac6/systemworkbench/plugins/fr.ac6.mcu.externaltools.arm-none.win32_1.17.0.201812190825/tools/compiler/bin/../lib/gcc/arm-none-eabi/7.3.1/thumb/v6-m/crtbegin.o
 .bss           0x20000e78        0x7 Core/Src/gsm_m66.o
                0x20000e78                AtCommandTimer
 *fill*         0x20000e7f        0x1 
 .bss           0x20000e80        0x8 Core/Src/syscalls.o
                0x20000e84                __env
 .bss           0x20000e88        0x4 Core/Src/systick_timer.o
 *(.bss*)
 .bss.__malloc_free_list
                0x20000e8c        0x4 c:/ac6/systemworkbench/plugins/fr.ac6.mcu.externaltools.arm-none.win32_1.17.0.201812190825/tools/compiler/bin/../lib/gcc/arm-none-eabi/7.3.1/../../../../arm-none-eabi/lib/thumb/v6-m\libc_nano.a(lib_a-nano-mallocr.o)
                0x20000e8c                __malloc_free_list
 .bss.__malloc_sbrk_start
                0x20000e90        0x4 c:/ac6/systemworkbench/plugins/fr.ac6.mcu.externaltools.arm-none.win32_1.17.0.201812190825/tools/compiler/bin/../lib/gcc/arm-none-eabi/7.3.1/../../../../arm-none-eabi/lib/thumb/v6-m\libc_nano.a(lib_a-nano-mallocr.o)
                0x20000e90                __malloc_sbrk_start
 *(COMMON)
 COMMON         0x20000e94        0x1 Core/Src/Frame.o
                0x20000e94                Uart_RxData
 *fill*         0x20000e95        0x3 
 COMMON         0x20000e98      0xa04 Core/Src/gsm_m66.o
                0x20000e98                gsm
 COMMON         0x2000189c       0x84 Core/Src/peripheral_task.o
                0x2000189c                huart1
 COMMON         0x20001920        0x4 Core/Src/systick_timer.o
                0x20001920                masterTimerList
 COMMON         0x20001924        0x4 Drivers/STM32F0xx_HAL_Driver/Src/stm32f0xx_hal.o
                0x20001924                uwTick
 COMMON         0x20001928        0x4 c:/ac6/systemworkbench/plugins/fr.ac6.mcu.externaltools.arm-none.win32_1.17.0.201812190825/tools/compiler/bin/../lib/gcc/arm-none-eabi/7.3.1/../../../../arm-none-eabi/lib/thumb/v6-m\libc_nano.a(lib_a-reent.o)
                0x20001928                errno
                0x2000192c                . = ALIGN (0x4)
                0x2000192c                _ebss = .
                0x2000192c                __bss_end__ = _ebss

._user_heap_stack
                0x2000192c      0x604 load address 0x080045fc
                0x20001930                . = ALIGN (0x8)
 *fill*         0x2000192c        0x4 
                0x20001930                PROVIDE (end = .)
                [!provide]                PROVIDE (_end = .)
                0x20001b30                . = (. + _Min_Heap_Size)
 *fill*         0x20001930      0x200 
                0x20001f30                . = (. + _Min_Stack_Size)
 *fill*         0x20001b30      0x400 
                0x20001f30                . = ALIGN (0x8)

/DISCARD/
 libc.a(*)
 libm.a(*)
 libgcc.a(*)

.ARM.attributes
                0x00000000       0x28
 *(.ARM.attributes)
 .ARM.attributes
                0x00000000       0x1e c:/ac6/systemworkbench/plugins/fr.ac6.mcu.externaltools.arm-none.win32_1.17.0.201812190825/tools/compiler/bin/../lib/gcc/arm-none-eabi/7.3.1/thumb/v6-m/crti.o
 .ARM.attributes
                0x0000001e       0x2c c:/ac6/systemworkbench/plugins/fr.ac6.mcu.externaltools.arm-none.win32_1.17.0.201812190825/tools/compiler/bin/../lib/gcc/arm-none-eabi/7.3.1/thumb/v6-m/crtbegin.o
 .ARM.attributes
                0x0000004a       0x31 Core/Src/Frame.o
 .ARM.attributes
                0x0000007b       0x31 Core/Src/gsm_m66.o
 .ARM.attributes
                0x000000ac       0x31 Core/Src/main.o
 .ARM.attributes
                0x000000dd       0x31 Core/Src/peripheral_task.o
 .ARM.attributes
                0x0000010e       0x31 Core/Src/stm32f0xx_hal_msp.o
 .ARM.attributes
                0x0000013f       0x31 Core/Src/stm32f0xx_it.o
 .ARM.attributes
                0x00000170       0x31 Core/Src/string_operation.o
 .ARM.attributes
                0x000001a1       0x31 Core/Src/syscalls.o
 .ARM.attributes
                0x000001d2       0x31 Core/Src/system_stm32f0xx.o
 .ARM.attributes
                0x00000203       0x31 Core/Src/systick_timer.o
 .ARM.attributes
                0x00000234       0x31 Drivers/STM32F0xx_HAL_Driver/Src/stm32f0xx_hal.o
 .ARM.attributes
                0x00000265       0x31 Drivers/STM32F0xx_HAL_Driver/Src/stm32f0xx_hal_cortex.o
 .ARM.attributes
                0x00000296       0x31 Drivers/STM32F0xx_HAL_Driver/Src/stm32f0xx_hal_dma.o
 .ARM.attributes
                0x000002c7       0x31 Drivers/STM32F0xx_HAL_Driver/Src/stm32f0xx_hal_gpio.o
 .ARM.attributes
                0x000002f8       0x31 Drivers/STM32F0xx_HAL_Driver/Src/stm32f0xx_hal_rcc.o
 .ARM.attributes
                0x00000329       0x31 Drivers/STM32F0xx_HAL_Driver/Src/stm32f0xx_hal_rcc_ex.o
 .ARM.attributes
                0x0000035a       0x31 Drivers/STM32F0xx_HAL_Driver/Src/stm32f0xx_hal_uart.o
 .ARM.attributes
                0x0000038b       0x21 startup/startup_stm32f030x8.o
 .ARM.attributes
                0x000003ac       0x1e c:/ac6/systemworkbench/plugins/fr.ac6.mcu.externaltools.arm-none.win32_1.17.0.201812190825/tools/compiler/bin/../lib/gcc/arm-none-eabi/7.3.1/thumb/v6-m\libgcc.a(_udivsi3.o)
 .ARM.attributes
                0x000003ca       0x1e c:/ac6/systemworkbench/plugins/fr.ac6.mcu.externaltools.arm-none.win32_1.17.0.201812190825/tools/compiler/bin/../lib/gcc/arm-none-eabi/7.3.1/thumb/v6-m\libgcc.a(_divsi3.o)
 .ARM.attributes
                0x000003e8       0x1e c:/ac6/systemworkbench/plugins/fr.ac6.mcu.externaltools.arm-none.win32_1.17.0.201812190825/tools/compiler/bin/../lib/gcc/arm-none-eabi/7.3.1/thumb/v6-m\libgcc.a(_dvmd_tls.o)
 .ARM.attributes
                0x00000406       0x1e c:/ac6/systemworkbench/plugins/fr.ac6.mcu.externaltools.arm-none.win32_1.17.0.201812190825/tools/compiler/bin/../lib/gcc/arm-none-eabi/7.3.1/thumb/v6-m\libgcc.a(_arm_cmpsf2.o)
 .ARM.attributes
                0x00000424       0x2c c:/ac6/systemworkbench/plugins/fr.ac6.mcu.externaltools.arm-none.win32_1.17.0.201812190825/tools/compiler/bin/../lib/gcc/arm-none-eabi/7.3.1/thumb/v6-m\libgcc.a(_fixunssfsi.o)
 .ARM.attributes
                0x00000450       0x2c c:/ac6/systemworkbench/plugins/fr.ac6.mcu.externaltools.arm-none.win32_1.17.0.201812190825/tools/compiler/bin/../lib/gcc/arm-none-eabi/7.3.1/thumb/v6-m\libgcc.a(eqsf2.o)
 .ARM.attributes
                0x0000047c       0x2c c:/ac6/systemworkbench/plugins/fr.ac6.mcu.externaltools.arm-none.win32_1.17.0.201812190825/tools/compiler/bin/../lib/gcc/arm-none-eabi/7.3.1/thumb/v6-m\libgcc.a(gesf2.o)
 .ARM.attributes
                0x000004a8       0x2c c:/ac6/systemworkbench/plugins/fr.ac6.mcu.externaltools.arm-none.win32_1.17.0.201812190825/tools/compiler/bin/../lib/gcc/arm-none-eabi/7.3.1/thumb/v6-m\libgcc.a(lesf2.o)
 .ARM.attributes
                0x000004d4       0x2c c:/ac6/systemworkbench/plugins/fr.ac6.mcu.externaltools.arm-none.win32_1.17.0.201812190825/tools/compiler/bin/../lib/gcc/arm-none-eabi/7.3.1/thumb/v6-m\libgcc.a(mulsf3.o)
 .ARM.attributes
                0x00000500       0x2c c:/ac6/systemworkbench/plugins/fr.ac6.mcu.externaltools.arm-none.win32_1.17.0.201812190825/tools/compiler/bin/../lib/gcc/arm-none-eabi/7.3.1/thumb/v6-m\libgcc.a(subsf3.o)
 .ARM.attributes
                0x0000052c       0x2c c:/ac6/systemworkbench/plugins/fr.ac6.mcu.externaltools.arm-none.win32_1.17.0.201812190825/tools/compiler/bin/../lib/gcc/arm-none-eabi/7.3.1/thumb/v6-m\libgcc.a(fixsfsi.o)
 .ARM.attributes
                0x00000558       0x1e c:/ac6/systemworkbench/plugins/fr.ac6.mcu.externaltools.arm-none.win32_1.17.0.201812190825/tools/compiler/bin/../lib/gcc/arm-none-eabi/7.3.1/thumb/v6-m\libgcc.a(_clzsi2.o)
 .ARM.attributes
                0x00000576       0x2c c:/ac6/systemworkbench/plugins/fr.ac6.mcu.externaltools.arm-none.win32_1.17.0.201812190825/tools/compiler/bin/../lib/gcc/arm-none-eabi/7.3.1/../../../../arm-none-eabi/lib/thumb/v6-m\libc_nano.a(lib_a-errno.o)
 .ARM.attributes
                0x000005a2       0x2c c:/ac6/systemworkbench/plugins/fr.ac6.mcu.externaltools.arm-none.win32_1.17.0.201812190825/tools/compiler/bin/../lib/gcc/arm-none-eabi/7.3.1/../../../../arm-none-eabi/lib/thumb/v6-m\libc_nano.a(lib_a-impure.o)
 .ARM.attributes
                0x000005ce       0x2c c:/ac6/systemworkbench/plugins/fr.ac6.mcu.externaltools.arm-none.win32_1.17.0.201812190825/tools/compiler/bin/../lib/gcc/arm-none-eabi/7.3.1/../../../../arm-none-eabi/lib/thumb/v6-m\libc_nano.a(lib_a-init.o)
 .ARM.attributes
                0x000005fa       0x2c c:/ac6/systemworkbench/plugins/fr.ac6.mcu.externaltools.arm-none.win32_1.17.0.201812190825/tools/compiler/bin/../lib/gcc/arm-none-eabi/7.3.1/../../../../arm-none-eabi/lib/thumb/v6-m\libc_nano.a(lib_a-malloc.o)
 .ARM.attributes
                0x00000626       0x2c c:/ac6/systemworkbench/plugins/fr.ac6.mcu.externaltools.arm-none.win32_1.17.0.201812190825/tools/compiler/bin/../lib/gcc/arm-none-eabi/7.3.1/../../../../arm-none-eabi/lib/thumb/v6-m\libc_nano.a(lib_a-memcpy-stub.o)
 .ARM.attributes
                0x00000652       0x2c c:/ac6/systemworkbench/plugins/fr.ac6.mcu.externaltools.arm-none.win32_1.17.0.201812190825/tools/compiler/bin/../lib/gcc/arm-none-eabi/7.3.1/../../../../arm-none-eabi/lib/thumb/v6-m\libc_nano.a(lib_a-memset.o)
 .ARM.attributes
                0x0000067e       0x2c c:/ac6/systemworkbench/plugins/fr.ac6.mcu.externaltools.arm-none.win32_1.17.0.201812190825/tools/compiler/bin/../lib/gcc/arm-none-eabi/7.3.1/../../../../arm-none-eabi/lib/thumb/v6-m\libc_nano.a(lib_a-nano-mallocr.o)
 .ARM.attributes
                0x000006aa       0x2c c:/ac6/systemworkbench/plugins/fr.ac6.mcu.externaltools.arm-none.win32_1.17.0.201812190825/tools/compiler/bin/../lib/gcc/arm-none-eabi/7.3.1/../../../../arm-none-eabi/lib/thumb/v6-m\libc_nano.a(lib_a-sbrkr.o)
 .ARM.attributes
                0x000006d6       0x2c c:/ac6/systemworkbench/plugins/fr.ac6.mcu.externaltools.arm-none.win32_1.17.0.201812190825/tools/compiler/bin/../lib/gcc/arm-none-eabi/7.3.1/../../../../arm-none-eabi/lib/thumb/v6-m\libc_nano.a(lib_a-mlock.o)
 .ARM.attributes
                0x00000702       0x2c c:/ac6/systemworkbench/plugins/fr.ac6.mcu.externaltools.arm-none.win32_1.17.0.201812190825/tools/compiler/bin/../lib/gcc/arm-none-eabi/7.3.1/../../../../arm-none-eabi/lib/thumb/v6-m\libc_nano.a(lib_a-reent.o)
 .ARM.attributes
                0x0000072e       0x1e c:/ac6/systemworkbench/plugins/fr.ac6.mcu.externaltools.arm-none.win32_1.17.0.201812190825/tools/compiler/bin/../lib/gcc/arm-none-eabi/7.3.1/thumb/v6-m/crtn.o
OUTPUT(Gsm_Project.elf elf32-littlearm)

.debug_info     0x00000000    0x10918
 .debug_info    0x00000000     0x13e0 Core/Src/Frame.o
 .debug_info    0x000013e0     0x2110 Core/Src/gsm_m66.o
 .debug_info    0x000034f0     0x1873 Core/Src/main.o
 .debug_info    0x00004d63     0x13e1 Core/Src/peripheral_task.o
 .debug_info    0x00006144      0xab3 Core/Src/stm32f0xx_hal_msp.o
 .debug_info    0x00006bf7     0x1329 Core/Src/stm32f0xx_it.o
 .debug_info    0x00007f20     0x1784 Core/Src/string_operation.o
 .debug_info    0x000096a4      0xfd3 Core/Src/syscalls.o
 .debug_info    0x0000a677      0x2a2 Core/Src/system_stm32f0xx.o
 .debug_info    0x0000a919      0xbca Core/Src/systick_timer.o
 .debug_info    0x0000b4e3      0x70a Drivers/STM32F0xx_HAL_Driver/Src/stm32f0xx_hal.o
 .debug_info    0x0000bbed      0x813 Drivers/STM32F0xx_HAL_Driver/Src/stm32f0xx_hal_cortex.o
 .debug_info    0x0000c400      0x85d Drivers/STM32F0xx_HAL_Driver/Src/stm32f0xx_hal_dma.o
 .debug_info    0x0000cc5d      0x67e Drivers/STM32F0xx_HAL_Driver/Src/stm32f0xx_hal_gpio.o
 .debug_info    0x0000d2db      0x9d5 Drivers/STM32F0xx_HAL_Driver/Src/stm32f0xx_hal_rcc.o
 .debug_info    0x0000dcb0      0x438 Drivers/STM32F0xx_HAL_Driver/Src/stm32f0xx_hal_rcc_ex.o
 .debug_info    0x0000e0e8     0x280e Drivers/STM32F0xx_HAL_Driver/Src/stm32f0xx_hal_uart.o
 .debug_info    0x000108f6       0x22 startup/startup_stm32f030x8.o

.debug_abbrev   0x00000000     0x2a79
 .debug_abbrev  0x00000000      0x2bb Core/Src/Frame.o
 .debug_abbrev  0x000002bb      0x3c4 Core/Src/gsm_m66.o
 .debug_abbrev  0x0000067f      0x304 Core/Src/main.o
 .debug_abbrev  0x00000983      0x294 Core/Src/peripheral_task.o
 .debug_abbrev  0x00000c17      0x1e7 Core/Src/stm32f0xx_hal_msp.o
 .debug_abbrev  0x00000dfe      0x27b Core/Src/stm32f0xx_it.o
 .debug_abbrev  0x00001079      0x3a7 Core/Src/string_operation.o
 .debug_abbrev  0x00001420      0x2d4 Core/Src/syscalls.o
 .debug_abbrev  0x000016f4      0x12b Core/Src/system_stm32f0xx.o
 .debug_abbrev  0x0000181f      0x273 Core/Src/systick_timer.o
 .debug_abbrev  0x00001a92      0x234 Drivers/STM32F0xx_HAL_Driver/Src/stm32f0xx_hal.o
 .debug_abbrev  0x00001cc6      0x264 Drivers/STM32F0xx_HAL_Driver/Src/stm32f0xx_hal_cortex.o
 .debug_abbrev  0x00001f2a      0x20d Drivers/STM32F0xx_HAL_Driver/Src/stm32f0xx_hal_dma.o
 .debug_abbrev  0x00002137      0x1de Drivers/STM32F0xx_HAL_Driver/Src/stm32f0xx_hal_gpio.o
 .debug_abbrev  0x00002315      0x24e Drivers/STM32F0xx_HAL_Driver/Src/stm32f0xx_hal_rcc.o
 .debug_abbrev  0x00002563      0x1ba Drivers/STM32F0xx_HAL_Driver/Src/stm32f0xx_hal_rcc_ex.o
 .debug_abbrev  0x0000271d      0x34a Drivers/STM32F0xx_HAL_Driver/Src/stm32f0xx_hal_uart.o
 .debug_abbrev  0x00002a67       0x12 startup/startup_stm32f030x8.o

.debug_aranges  0x00000000      0x858
 .debug_aranges
                0x00000000       0x28 Core/Src/Frame.o
 .debug_aranges
                0x00000028       0x88 Core/Src/gsm_m66.o
 .debug_aranges
                0x000000b0       0x40 Core/Src/main.o
 .debug_aranges
                0x000000f0       0x28 Core/Src/peripheral_task.o
 .debug_aranges
                0x00000118       0x30 Core/Src/stm32f0xx_hal_msp.o
 .debug_aranges
                0x00000148       0x48 Core/Src/stm32f0xx_it.o
 .debug_aranges
                0x00000190       0x80 Core/Src/string_operation.o
 .debug_aranges
                0x00000210       0xb0 Core/Src/syscalls.o
 .debug_aranges
                0x000002c0       0x28 Core/Src/system_stm32f0xx.o
 .debug_aranges
                0x000002e8       0x58 Core/Src/systick_timer.o
 .debug_aranges
                0x00000340       0xd0 Drivers/STM32F0xx_HAL_Driver/Src/stm32f0xx_hal.o
 .debug_aranges
                0x00000410       0x78 Drivers/STM32F0xx_HAL_Driver/Src/stm32f0xx_hal_cortex.o
 .debug_aranges
                0x00000488       0x88 Drivers/STM32F0xx_HAL_Driver/Src/stm32f0xx_hal_dma.o
 .debug_aranges
                0x00000510       0x58 Drivers/STM32F0xx_HAL_Driver/Src/stm32f0xx_hal_gpio.o
 .debug_aranges
                0x00000568       0x80 Drivers/STM32F0xx_HAL_Driver/Src/stm32f0xx_hal_rcc.o
 .debug_aranges
                0x000005e8       0x30 Drivers/STM32F0xx_HAL_Driver/Src/stm32f0xx_hal_rcc_ex.o
 .debug_aranges
                0x00000618      0x218 Drivers/STM32F0xx_HAL_Driver/Src/stm32f0xx_hal_uart.o
 .debug_aranges
                0x00000830       0x28 startup/startup_stm32f030x8.o

.debug_ranges   0x00000000      0x7e8
 .debug_ranges  0x00000000       0x18 Core/Src/Frame.o
 .debug_ranges  0x00000018       0x90 Core/Src/gsm_m66.o
 .debug_ranges  0x000000a8       0x30 Core/Src/main.o
 .debug_ranges  0x000000d8       0x18 Core/Src/peripheral_task.o
 .debug_ranges  0x000000f0       0x20 Core/Src/stm32f0xx_hal_msp.o
 .debug_ranges  0x00000110       0x38 Core/Src/stm32f0xx_it.o
 .debug_ranges  0x00000148       0x70 Core/Src/string_operation.o
 .debug_ranges  0x000001b8       0xa0 Core/Src/syscalls.o
 .debug_ranges  0x00000258       0x18 Core/Src/system_stm32f0xx.o
 .debug_ranges  0x00000270       0x48 Core/Src/systick_timer.o
 .debug_ranges  0x000002b8       0xc0 Drivers/STM32F0xx_HAL_Driver/Src/stm32f0xx_hal.o
 .debug_ranges  0x00000378       0xc8 Drivers/STM32F0xx_HAL_Driver/Src/stm32f0xx_hal_cortex.o
 .debug_ranges  0x00000440       0x78 Drivers/STM32F0xx_HAL_Driver/Src/stm32f0xx_hal_dma.o
 .debug_ranges  0x000004b8       0x48 Drivers/STM32F0xx_HAL_Driver/Src/stm32f0xx_hal_gpio.o
 .debug_ranges  0x00000500       0x88 Drivers/STM32F0xx_HAL_Driver/Src/stm32f0xx_hal_rcc.o
 .debug_ranges  0x00000588       0x38 Drivers/STM32F0xx_HAL_Driver/Src/stm32f0xx_hal_rcc_ex.o
 .debug_ranges  0x000005c0      0x208 Drivers/STM32F0xx_HAL_Driver/Src/stm32f0xx_hal_uart.o
 .debug_ranges  0x000007c8       0x20 startup/startup_stm32f030x8.o

.debug_macro    0x00000000    0x11c1e
 .debug_macro   0x00000000      0x3a9 Core/Src/Frame.o
 .debug_macro   0x000003a9      0xa42 Core/Src/Frame.o
 .debug_macro   0x00000deb       0x22 Core/Src/Frame.o
 .debug_macro   0x00000e0d       0x58 Core/Src/Frame.o
 .debug_macro   0x00000e65       0x18 Core/Src/Frame.o
 .debug_macro   0x00000e7d       0x94 Core/Src/Frame.o
 .debug_macro   0x00000f11       0x35 Core/Src/Frame.o
 .debug_macro   0x00000f46       0x34 Core/Src/Frame.o
 .debug_macro   0x00000f7a      0x174 Core/Src/Frame.o
 .debug_macro   0x000010ee       0x57 Core/Src/Frame.o
 .debug_macro   0x00001145       0x58 Core/Src/Frame.o
 .debug_macro   0x0000119d       0x1f Core/Src/Frame.o
 .debug_macro   0x000011bc       0x43 Core/Src/Frame.o
 .debug_macro   0x000011ff       0x20 Core/Src/Frame.o
 .debug_macro   0x0000121f      0x18e Core/Src/Frame.o
 .debug_macro   0x000013ad      0x330 Core/Src/Frame.o
 .debug_macro   0x000016dd       0x10 Core/Src/Frame.o
 .debug_macro   0x000016ed       0x35 Core/Src/Frame.o
 .debug_macro   0x00001722       0x1c Core/Src/Frame.o
 .debug_macro   0x0000173e       0x10 Core/Src/Frame.o
 .debug_macro   0x0000174e       0x10 Core/Src/Frame.o
 .debug_macro   0x0000175e       0x6a Core/Src/Frame.o
 .debug_macro   0x000017c8       0x1c Core/Src/Frame.o
 .debug_macro   0x000017e4       0x52 Core/Src/Frame.o
 .debug_macro   0x00001836       0x40 Core/Src/Frame.o
 .debug_macro   0x00001876       0x10 Core/Src/Frame.o
 .debug_macro   0x00001886       0x40 Core/Src/Frame.o
 .debug_macro   0x000018c6       0xd7 Core/Src/Frame.o
 .debug_macro   0x0000199d       0x1c Core/Src/Frame.o
 .debug_macro   0x000019b9       0x3d Core/Src/Frame.o
 .debug_macro   0x000019f6       0x16 Core/Src/Frame.o
 .debug_macro   0x00001a0c      0x16f Core/Src/Frame.o
 .debug_macro   0x00001b7b       0x2e Core/Src/Frame.o
 .debug_macro   0x00001ba9       0x22 Core/Src/Frame.o
 .debug_macro   0x00001bcb       0xef Core/Src/Frame.o
 .debug_macro   0x00001cba      0x1df Core/Src/Frame.o
 .debug_macro   0x00001e99       0x1c Core/Src/Frame.o
 .debug_macro   0x00001eb5       0x22 Core/Src/Frame.o
 .debug_macro   0x00001ed7       0xaf Core/Src/Frame.o
 .debug_macro   0x00001f86      0x391 Core/Src/Frame.o
 .debug_macro   0x00002317     0x6f39 Core/Src/Frame.o
 .debug_macro   0x00009250       0x3c Core/Src/Frame.o
 .debug_macro   0x0000928c      0x12d Core/Src/Frame.o
 .debug_macro   0x000093b9     0x3461 Core/Src/Frame.o
 .debug_macro   0x0000c81a       0x4f Core/Src/Frame.o
 .debug_macro   0x0000c869      0x924 Core/Src/Frame.o
 .debug_macro   0x0000d18d      0x17f Core/Src/Frame.o
 .debug_macro   0x0000d30c      0x12f Core/Src/Frame.o
 .debug_macro   0x0000d43b       0xd9 Core/Src/Frame.o
 .debug_macro   0x0000d514      0x1a0 Core/Src/Frame.o
 .debug_macro   0x0000d6b4      0x1ed Core/Src/Frame.o
 .debug_macro   0x0000d8a1       0x34 Core/Src/Frame.o
 .debug_macro   0x0000d8d5       0x43 Core/Src/Frame.o
 .debug_macro   0x0000d918       0x28 Core/Src/Frame.o
 .debug_macro   0x0000d940       0xb0 Core/Src/Frame.o
 .debug_macro   0x0000d9f0      0x199 Core/Src/Frame.o
 .debug_macro   0x0000db89      0x22c Core/Src/Frame.o
 .debug_macro   0x0000ddb5       0x60 Core/Src/Frame.o
 .debug_macro   0x0000de15       0xa5 Core/Src/Frame.o
 .debug_macro   0x0000deba       0x4c Core/Src/Frame.o
 .debug_macro   0x0000df06       0x2b Core/Src/Frame.o
 .debug_macro   0x0000df31      0x55f Core/Src/Frame.o
 .debug_macro   0x0000e490       0x3e Core/Src/Frame.o
 .debug_macro   0x0000e4ce       0xff Core/Src/Frame.o
 .debug_macro   0x0000e5cd       0x4c Core/Src/Frame.o
 .debug_macro   0x0000e619       0x10 Core/Src/Frame.o
 .debug_macro   0x0000e629       0x16 Core/Src/Frame.o
 .debug_macro   0x0000e63f       0x16 Core/Src/Frame.o
 .debug_macro   0x0000e655       0x29 Core/Src/Frame.o
 .debug_macro   0x0000e67e       0x52 Core/Src/Frame.o
 .debug_macro   0x0000e6d0       0x1c Core/Src/Frame.o
 .debug_macro   0x0000e6ec      0x3ad Core/Src/gsm_m66.o
 .debug_macro   0x0000ea99      0x3b9 Core/Src/main.o
 .debug_macro   0x0000ee52       0x8e Core/Src/main.o
 .debug_macro   0x0000eee0       0x51 Core/Src/main.o
 .debug_macro   0x0000ef31       0xb5 Core/Src/main.o
 .debug_macro   0x0000efe6       0x55 Core/Src/main.o
 .debug_macro   0x0000f03b       0x46 Core/Src/main.o
 .debug_macro   0x0000f081       0x5e Core/Src/main.o
 .debug_macro   0x0000f0df      0x32a Core/Src/main.o
 .debug_macro   0x0000f409      0x3ad Core/Src/peripheral_task.o
 .debug_macro   0x0000f7b6      0x1bd Core/Src/stm32f0xx_hal_msp.o
 .debug_macro   0x0000f973      0x3c3 Core/Src/stm32f0xx_it.o
 .debug_macro   0x0000fd36      0x3cd Core/Src/string_operation.o
 .debug_macro   0x00010103      0x243 Core/Src/syscalls.o
 .debug_macro   0x00010346       0x10 Core/Src/syscalls.o
 .debug_macro   0x00010356       0x10 Core/Src/syscalls.o
 .debug_macro   0x00010366       0x10 Core/Src/syscalls.o
 .debug_macro   0x00010376       0x35 Core/Src/syscalls.o
 .debug_macro   0x000103ab      0x122 Core/Src/syscalls.o
 .debug_macro   0x000104cd       0x10 Core/Src/syscalls.o
 .debug_macro   0x000104dd      0x241 Core/Src/syscalls.o
 .debug_macro   0x0001071e       0x10 Core/Src/syscalls.o
 .debug_macro   0x0001072e      0x189 Core/Src/syscalls.o
 .debug_macro   0x000108b7       0x16 Core/Src/syscalls.o
 .debug_macro   0x000108cd       0x88 Core/Src/syscalls.o
 .debug_macro   0x00010955      0x1ae Core/Src/system_stm32f0xx.o
 .debug_macro   0x00010b03      0x131 Core/Src/systick_timer.o
 .debug_macro   0x00010c34      0x10e Core/Src/systick_timer.o
 .debug_macro   0x00010d42       0x8d Core/Src/systick_timer.o
 .debug_macro   0x00010dcf      0x1d2 Drivers/STM32F0xx_HAL_Driver/Src/stm32f0xx_hal.o
 .debug_macro   0x00010fa1      0x1ae Drivers/STM32F0xx_HAL_Driver/Src/stm32f0xx_hal_cortex.o
 .debug_macro   0x0001114f      0x1ae Drivers/STM32F0xx_HAL_Driver/Src/stm32f0xx_hal_dma.o
 .debug_macro   0x000112fd      0x1e6 Drivers/STM32F0xx_HAL_Driver/Src/stm32f0xx_hal_gpio.o
 .debug_macro   0x000114e3      0x1c0 Drivers/STM32F0xx_HAL_Driver/Src/stm32f0xx_hal_rcc.o
 .debug_macro   0x000116a3      0x1ae Drivers/STM32F0xx_HAL_Driver/Src/stm32f0xx_hal_rcc_ex.o
 .debug_macro   0x00011851      0x3cd Drivers/STM32F0xx_HAL_Driver/Src/stm32f0xx_hal_uart.o

.debug_line     0x00000000     0x99a5
 .debug_line    0x00000000      0x8d0 Core/Src/Frame.o
 .debug_line    0x000008d0      0xab3 Core/Src/gsm_m66.o
 .debug_line    0x00001383      0x92f Core/Src/main.o
 .debug_line    0x00001cb2      0x8ca Core/Src/peripheral_task.o
 .debug_line    0x0000257c      0x727 Core/Src/stm32f0xx_hal_msp.o
 .debug_line    0x00002ca3      0x918 Core/Src/stm32f0xx_it.o
 .debug_line    0x000035bb      0xa5b Core/Src/string_operation.o
 .debug_line    0x00004016      0x5df Core/Src/syscalls.o
 .debug_line    0x000045f5      0x6fe Core/Src/system_stm32f0xx.o
 .debug_line    0x00004cf3      0x498 Core/Src/systick_timer.o
 .debug_line    0x0000518b      0x894 Drivers/STM32F0xx_HAL_Driver/Src/stm32f0xx_hal.o
 .debug_line    0x00005a1f      0x86d Drivers/STM32F0xx_HAL_Driver/Src/stm32f0xx_hal_cortex.o
 .debug_line    0x0000628c      0x92e Drivers/STM32F0xx_HAL_Driver/Src/stm32f0xx_hal_dma.o
 .debug_line    0x00006bba      0x82e Drivers/STM32F0xx_HAL_Driver/Src/stm32f0xx_hal_gpio.o
 .debug_line    0x000073e8      0x98a Drivers/STM32F0xx_HAL_Driver/Src/stm32f0xx_hal_rcc.o
 .debug_line    0x00007d72      0x7bc Drivers/STM32F0xx_HAL_Driver/Src/stm32f0xx_hal_rcc_ex.o
 .debug_line    0x0000852e     0x13f5 Drivers/STM32F0xx_HAL_Driver/Src/stm32f0xx_hal_uart.o
 .debug_line    0x00009923       0x82 startup/startup_stm32f030x8.o

.debug_str      0x00000000    0x5e6d1
 .debug_str     0x00000000    0x5b25c Core/Src/Frame.o
                              0x5b5bc (size before relaxing)
 .debug_str     0x0005b25c      0x647 Core/Src/gsm_m66.o
                              0x5bb99 (size before relaxing)
 .debug_str     0x0005b8a3      0x38c Core/Src/main.o
                              0x5b8ac (size before relaxing)
 .debug_str     0x0005bc2f       0x2c Core/Src/peripheral_task.o
                              0x5b5e2 (size before relaxing)
 .debug_str     0x0005bc5b      0x1c3 Core/Src/stm32f0xx_hal_msp.o
                              0x57422 (size before relaxing)
 .debug_str     0x0005be1e       0xbf Core/Src/stm32f0xx_it.o
                              0x5b5cc (size before relaxing)
 .debug_str     0x0005bedd      0x235 Core/Src/string_operation.o
                              0x5b7b6 (size before relaxing)
 .debug_str     0x0005c112     0x1130 Core/Src/syscalls.o
                               0x84ff (size before relaxing)
 .debug_str     0x0005d242       0x5f Core/Src/system_stm32f0xx.o
                              0x56cd3 (size before relaxing)
 .debug_str     0x0005d2a1       0xd9 Core/Src/systick_timer.o
                               0x6c11 (size before relaxing)
 .debug_str     0x0005d37a      0x30c Drivers/STM32F0xx_HAL_Driver/Src/stm32f0xx_hal.o
                              0x57203 (size before relaxing)
 .debug_str     0x0005d686      0x175 Drivers/STM32F0xx_HAL_Driver/Src/stm32f0xx_hal_cortex.o
                              0x57093 (size before relaxing)
 .debug_str     0x0005d7fb      0x24d Drivers/STM32F0xx_HAL_Driver/Src/stm32f0xx_hal_dma.o
                              0x570b7 (size before relaxing)
 .debug_str     0x0005da48      0x1de Drivers/STM32F0xx_HAL_Driver/Src/stm32f0xx_hal_gpio.o
                              0x56f6f (size before relaxing)
 .debug_str     0x0005dc26      0x21a Drivers/STM32F0xx_HAL_Driver/Src/stm32f0xx_hal_rcc.o
                              0x57104 (size before relaxing)
 .debug_str     0x0005de40       0x97 Drivers/STM32F0xx_HAL_Driver/Src/stm32f0xx_hal_rcc_ex.o
                              0x56e48 (size before relaxing)
 .debug_str     0x0005ded7      0x7cb Drivers/STM32F0xx_HAL_Driver/Src/stm32f0xx_hal_uart.o
                              0x5beaa (size before relaxing)
 .debug_str     0x0005e6a2       0x2f startup/startup_stm32f030x8.o
                                 0x68 (size before relaxing)

.comment        0x00000000       0x7f
 .comment       0x00000000       0x7f Core/Src/Frame.o
                                 0x80 (size before relaxing)
 .comment       0x0000007f       0x80 Core/Src/gsm_m66.o
 .comment       0x0000007f       0x80 Core/Src/main.o
 .comment       0x0000007f       0x80 Core/Src/peripheral_task.o
 .comment       0x0000007f       0x80 Core/Src/stm32f0xx_hal_msp.o
 .comment       0x0000007f       0x80 Core/Src/stm32f0xx_it.o
 .comment       0x0000007f       0x80 Core/Src/string_operation.o
 .comment       0x0000007f       0x80 Core/Src/syscalls.o
 .comment       0x0000007f       0x80 Core/Src/system_stm32f0xx.o
 .comment       0x0000007f       0x80 Core/Src/systick_timer.o
 .comment       0x0000007f       0x80 Drivers/STM32F0xx_HAL_Driver/Src/stm32f0xx_hal.o
 .comment       0x0000007f       0x80 Drivers/STM32F0xx_HAL_Driver/Src/stm32f0xx_hal_cortex.o
 .comment       0x0000007f       0x80 Drivers/STM32F0xx_HAL_Driver/Src/stm32f0xx_hal_dma.o
 .comment       0x0000007f       0x80 Drivers/STM32F0xx_HAL_Driver/Src/stm32f0xx_hal_gpio.o
 .comment       0x0000007f       0x80 Drivers/STM32F0xx_HAL_Driver/Src/stm32f0xx_hal_rcc.o
 .comment       0x0000007f       0x80 Drivers/STM32F0xx_HAL_Driver/Src/stm32f0xx_hal_rcc_ex.o
 .comment       0x0000007f       0x80 Drivers/STM32F0xx_HAL_Driver/Src/stm32f0xx_hal_uart.o

.debug_frame    0x00000000     0x1644
 .debug_frame   0x00000000       0x3c Core/Src/Frame.o
 .debug_frame   0x0000003c      0x160 Core/Src/gsm_m66.o
 .debug_frame   0x0000019c       0x8c Core/Src/main.o
 .debug_frame   0x00000228       0x40 Core/Src/peripheral_task.o
 .debug_frame   0x00000268       0x58 Core/Src/stm32f0xx_hal_msp.o
 .debug_frame   0x000002c0       0x80 Core/Src/stm32f0xx_it.o
 .debug_frame   0x00000340      0x160 Core/Src/string_operation.o
 .debug_frame   0x000004a0      0x19c Core/Src/syscalls.o
 .debug_frame   0x0000063c       0x38 Core/Src/system_stm32f0xx.o
 .debug_frame   0x00000674       0xb4 Core/Src/systick_timer.o
 .debug_frame   0x00000728      0x1ac Drivers/STM32F0xx_HAL_Driver/Src/stm32f0xx_hal.o
 .debug_frame   0x000008d4       0xe4 Drivers/STM32F0xx_HAL_Driver/Src/stm32f0xx_hal_cortex.o
 .debug_frame   0x000009b8      0x168 Drivers/STM32F0xx_HAL_Driver/Src/stm32f0xx_hal_dma.o
 .debug_frame   0x00000b20       0xc8 Drivers/STM32F0xx_HAL_Driver/Src/stm32f0xx_hal_gpio.o
 .debug_frame   0x00000be8      0x138 Drivers/STM32F0xx_HAL_Driver/Src/stm32f0xx_hal_rcc.o
 .debug_frame   0x00000d20       0x58 Drivers/STM32F0xx_HAL_Driver/Src/stm32f0xx_hal_rcc_ex.o
 .debug_frame   0x00000d78      0x5a8 Drivers/STM32F0xx_HAL_Driver/Src/stm32f0xx_hal_uart.o
 .debug_frame   0x00001320       0x20 c:/ac6/systemworkbench/plugins/fr.ac6.mcu.externaltools.arm-none.win32_1.17.0.201812190825/tools/compiler/bin/../lib/gcc/arm-none-eabi/7.3.1/thumb/v6-m\libgcc.a(_udivsi3.o)
 .debug_frame   0x00001340       0x20 c:/ac6/systemworkbench/plugins/fr.ac6.mcu.externaltools.arm-none.win32_1.17.0.201812190825/tools/compiler/bin/../lib/gcc/arm-none-eabi/7.3.1/thumb/v6-m\libgcc.a(_divsi3.o)
 .debug_frame   0x00001360       0x28 c:/ac6/systemworkbench/plugins/fr.ac6.mcu.externaltools.arm-none.win32_1.17.0.201812190825/tools/compiler/bin/../lib/gcc/arm-none-eabi/7.3.1/thumb/v6-m\libgcc.a(_fixunssfsi.o)
 .debug_frame   0x00001388       0x2c c:/ac6/systemworkbench/plugins/fr.ac6.mcu.externaltools.arm-none.win32_1.17.0.201812190825/tools/compiler/bin/../lib/gcc/arm-none-eabi/7.3.1/thumb/v6-m\libgcc.a(eqsf2.o)
 .debug_frame   0x000013b4       0x2c c:/ac6/systemworkbench/plugins/fr.ac6.mcu.externaltools.arm-none.win32_1.17.0.201812190825/tools/compiler/bin/../lib/gcc/arm-none-eabi/7.3.1/thumb/v6-m\libgcc.a(gesf2.o)
 .debug_frame   0x000013e0       0x2c c:/ac6/systemworkbench/plugins/fr.ac6.mcu.externaltools.arm-none.win32_1.17.0.201812190825/tools/compiler/bin/../lib/gcc/arm-none-eabi/7.3.1/thumb/v6-m\libgcc.a(lesf2.o)
 .debug_frame   0x0000140c       0x3c c:/ac6/systemworkbench/plugins/fr.ac6.mcu.externaltools.arm-none.win32_1.17.0.201812190825/tools/compiler/bin/../lib/gcc/arm-none-eabi/7.3.1/thumb/v6-m\libgcc.a(mulsf3.o)
 .debug_frame   0x00001448       0x38 c:/ac6/systemworkbench/plugins/fr.ac6.mcu.externaltools.arm-none.win32_1.17.0.201812190825/tools/compiler/bin/../lib/gcc/arm-none-eabi/7.3.1/thumb/v6-m\libgcc.a(subsf3.o)
 .debug_frame   0x00001480       0x20 c:/ac6/systemworkbench/plugins/fr.ac6.mcu.externaltools.arm-none.win32_1.17.0.201812190825/tools/compiler/bin/../lib/gcc/arm-none-eabi/7.3.1/thumb/v6-m\libgcc.a(fixsfsi.o)
 .debug_frame   0x000014a0       0x20 c:/ac6/systemworkbench/plugins/fr.ac6.mcu.externaltools.arm-none.win32_1.17.0.201812190825/tools/compiler/bin/../lib/gcc/arm-none-eabi/7.3.1/../../../../arm-none-eabi/lib/thumb/v6-m\libc_nano.a(lib_a-errno.o)
 .debug_frame   0x000014c0       0x2c c:/ac6/systemworkbench/plugins/fr.ac6.mcu.externaltools.arm-none.win32_1.17.0.201812190825/tools/compiler/bin/../lib/gcc/arm-none-eabi/7.3.1/../../../../arm-none-eabi/lib/thumb/v6-m\libc_nano.a(lib_a-init.o)
 .debug_frame   0x000014ec       0x40 c:/ac6/systemworkbench/plugins/fr.ac6.mcu.externaltools.arm-none.win32_1.17.0.201812190825/tools/compiler/bin/../lib/gcc/arm-none-eabi/7.3.1/../../../../arm-none-eabi/lib/thumb/v6-m\libc_nano.a(lib_a-malloc.o)
 .debug_frame   0x0000152c       0x28 c:/ac6/systemworkbench/plugins/fr.ac6.mcu.externaltools.arm-none.win32_1.17.0.201812190825/tools/compiler/bin/../lib/gcc/arm-none-eabi/7.3.1/../../../../arm-none-eabi/lib/thumb/v6-m\libc_nano.a(lib_a-memcpy-stub.o)
 .debug_frame   0x00001554       0x20 c:/ac6/systemworkbench/plugins/fr.ac6.mcu.externaltools.arm-none.win32_1.17.0.201812190825/tools/compiler/bin/../lib/gcc/arm-none-eabi/7.3.1/../../../../arm-none-eabi/lib/thumb/v6-m\libc_nano.a(lib_a-memset.o)
 .debug_frame   0x00001574       0x2c c:/ac6/systemworkbench/plugins/fr.ac6.mcu.externaltools.arm-none.win32_1.17.0.201812190825/tools/compiler/bin/../lib/gcc/arm-none-eabi/7.3.1/../../../../arm-none-eabi/lib/thumb/v6-m\libc_nano.a(lib_a-nano-mallocr.o)
 .debug_frame   0x000015a0       0x2c c:/ac6/systemworkbench/plugins/fr.ac6.mcu.externaltools.arm-none.win32_1.17.0.201812190825/tools/compiler/bin/../lib/gcc/arm-none-eabi/7.3.1/../../../../arm-none-eabi/lib/thumb/v6-m\libc_nano.a(lib_a-sbrkr.o)
 .debug_frame   0x000015cc       0x30 c:/ac6/systemworkbench/plugins/fr.ac6.mcu.externaltools.arm-none.win32_1.17.0.201812190825/tools/compiler/bin/../lib/gcc/arm-none-eabi/7.3.1/../../../../arm-none-eabi/lib/thumb/v6-m\libc_nano.a(lib_a-mlock.o)
 .debug_frame   0x000015fc       0x48 c:/ac6/systemworkbench/plugins/fr.ac6.mcu.externaltools.arm-none.win32_1.17.0.201812190825/tools/compiler/bin/../lib/gcc/arm-none-eabi/7.3.1/../../../../arm-none-eabi/lib/thumb/v6-m\libc_nano.a(lib_a-reent.o)

.debug_loc      0x00000000     0x4ab4
 .debug_loc     0x00000000      0x584 Core/Src/gsm_m66.o
 .debug_loc     0x00000584       0x71 Core/Src/stm32f0xx_hal_msp.o
 .debug_loc     0x000005f5      0xa0f Core/Src/string_operation.o
 .debug_loc     0x00001004      0x3c5 Core/Src/syscalls.o
 .debug_loc     0x000013c9      0x13b Core/Src/system_stm32f0xx.o
 .debug_loc     0x00001504      0x39e Core/Src/systick_timer.o
 .debug_loc     0x000018a2      0x11b Drivers/STM32F0xx_HAL_Driver/Src/stm32f0xx_hal.o
 .debug_loc     0x000019bd      0x3b7 Drivers/STM32F0xx_HAL_Driver/Src/stm32f0xx_hal_cortex.o
 .debug_loc     0x00001d74      0x807 Drivers/STM32F0xx_HAL_Driver/Src/stm32f0xx_hal_dma.o
 .debug_loc     0x0000257b      0x2e1 Drivers/STM32F0xx_HAL_Driver/Src/stm32f0xx_hal_gpio.o
 .debug_loc     0x0000285c      0x49b Drivers/STM32F0xx_HAL_Driver/Src/stm32f0xx_hal_rcc.o
 .debug_loc     0x00002cf7      0x359 Drivers/STM32F0xx_HAL_Driver/Src/stm32f0xx_hal_rcc_ex.o
 .debug_loc     0x00003050     0x1a64 Drivers/STM32F0xx_HAL_Driver/Src/stm32f0xx_hal_uart.o
